NOWIFI+ADMIN@NOwifi MINGW64 ~/Desktop/T1903130443 (master)
$ git init
Reinitialized existing Git repository in C:/Users/ADMIN/Desktop/T1903130443/.git/

NOWIFI+ADMIN@NOwifi MINGW64 ~/Desktop/T1903130443 (master)
$ git add -A

NOWIFI+ADMIN@NOwifi MINGW64 ~/Desktop/T1903130443 (master)
$ git commit -m "First commit"
On branch master
nothing to commit, working tree clean

NOWIFI+ADMIN@NOwifi MINGW64 ~/Desktop/T1903130443 (master)
$ git remote remove origin

NOWIFI+ADMIN@NOwifi MINGW64 ~/Desktop/T1903130443 (master)
$ git remore add origin https://github.com/nathanmendis/PRACTICAL_exam.git
git: 'remore' is not a git command. See 'git --help'.

The most similar command is
        remote

NOWIFI+ADMIN@NOwifi MINGW64 ~/Desktop/T1903130443 (master)
$ git remote add origin https://github.com/nathanmendis/PRACTICAL_exam.git

NOWIFI+ADMIN@NOwifi MINGW64 ~/Desktop/T1903130443 (master)
$ git push -u origin main
error: src refspec main does not match any
error: failed to push some refs to 'https://github.com/nathanmendis/PRACTICAL_exam.git'

NOWIFI+ADMIN@NOwifi MINGW64 ~/Desktop/T1903130443 (master)
$ git remote remove origin

NOWIFI+ADMIN@NOwifi MINGW64 ~/Desktop/T1903130443 (master)
$ git branch -M main

NOWIFI+ADMIN@NOwifi MINGW64 ~/Desktop/T1903130443 (main)
$ git remote add origin https://github.com/nathanmendis/PRACTICAL_exam.git

NOWIFI+ADMIN@NOwifi MINGW64 ~/Desktop/T1903130443 (main)
$ git push -u origin main
Enumerating objects: 3, done.
Counting objects: 100% (3/3), done.
Delta compression using up to 12 threads
Compressing objects: 100% (2/2), done.
Writing objects: 100% (3/3), 826 bytes | 826.00 KiB/s, done.
Total 3 (delta 0), reused 0 (delta 0), pack-reused 0
To https://github.com/nathanmendis/PRACTICAL_exam.git
 * [new branch]      main -> main
branch 'main' set up to track 'origin/main'.

NOWIFI+ADMIN@NOwifi MINGW64 ~/Desktop/T1903130443 (main)
$ git add -A

NOWIFI+ADMIN@NOwifi MINGW64 ~/Desktop/T1903130443 (main)
$ git commit -m "Second commit"
[main 60bca63] Second commit
 Committer: unknown <ADMIN@NOwifi.PESMODERNCOE.EDU.IN>
Your name and email address were configured automatically based
on your username and hostname. Please check that they are accurate.
You can suppress this message by setting them explicitly. Run the
following command and follow the instructions in your editor to edit
your configuration file:

    git config --global --edit

After doing this, you may fix the identity used for this commit with:

    git commit --amend --reset-author

 2 files changed, 123 insertions(+), 6 deletions(-)
 create mode 100644 Dashboard.css

NOWIFI+ADMIN@NOwifi MINGW64 ~/Desktop/T1903130443 (main)
$ git branch -M main

NOWIFI+ADMIN@NOwifi MINGW64 ~/Desktop/T1903130443 (main)
$ git remote add origin https://github.com/nathanmendis/PRACTICAL_exam.git
error: remote origin already exists.

NOWIFI+ADMIN@NOwifi MINGW64 ~/Desktop/T1903130443 (main)
$ git push -u origin main
Enumerating objects: 6, done.
Counting objects: 100% (6/6), done.
Delta compression using up to 12 threads
Compressing objects: 100% (4/4), done.
Writing objects: 100% (4/4), 1.37 KiB | 1.37 MiB/s, done.
Total 4 (delta 0), reused 0 (delta 0), pack-reused 0
To https://github.com/nathanmendis/PRACTICAL_exam.git
   e92d0e9..60bca63  main -> main
